71762 66049 64131 52498 43817 28387 26318 18414 6347 -3520 -6600 -14485 -14760 -25573 -32722 -33188 -48509 -48849 -61596 -77963 