98163 90716 86892 82877 74485 66310 53676 49760 45601 38019 29561 23625 23035 21067 19193 15256 -8578 -10033 -13969 -14553 -17988 -18806 -32057 -37948 -46019 -47719 -60979 -75433 -76086 -84942 