99737 95510 80659 76760 70647 68713 61743 54839 53726 45513 43147 39344 33374 24851 14584 11615 6519 4664 2710 -829 -5966 -6165 -16326 -22779 -25064 -25158 -41334 -44125 -50149 -57824 -60135 -61563 -63996 -72061 -75683 -81777 -89524 -92044 -92102 -96853 