-77963 -61596 -48849 -48509 -33188 -32722 -25573 -14760 -14485 -6600 -3520 6347 18414 26318 28387 43817 52498 64131 66049 71762 