-84942 -76086 -75433 -60979 -47719 -46019 -37948 -32057 -18806 -17988 -14553 -13969 -10033 -8578 15256 19193 21067 23035 23625 29561 38019 45601 49760 53676 66310 74485 82877 86892 90716 98163 