-96853 -92102 -92044 -89524 -81777 -75683 -72061 -63996 -61563 -60135 -57824 -50149 -44125 -41334 -25158 -25064 -22779 -16326 -6165 -5966 -829 2710 4664 6519 11615 14584 24851 33374 39344 43147 45513 53726 54839 61743 68713 70647 76760 80659 95510 99737 